manifest should match snapshot with TLS:
  1: |
    apiVersion: v1
    kind: Service
    metadata:
      annotations:
        steadybit.com/extension-auto-discovery: "{\n  \"extensions\": [\n    {\n      \"port\": 8083,\n      \"types\": [\"ACTION\",\"DISCOVERY\"],\n      \"tls\": {\n        \"server\": {\n          \"extraCertsFile\": \"server-cert/tls.crt\"\n        }\n        \n      }\n    }\n  ]\n}\n"
      labels: null
      name: RELEASE-NAME-steadybit-extension-stackstate
      namespace: NAMESPACE
    spec:
      ports:
        - port: 8083
          protocol: TCP
          targetPort: 8083
      selector:
        app.kubernetes.io/name: steadybit-extension-stackstate
manifest should match snapshot with mutual TLS:
  1: |
    apiVersion: v1
    kind: Service
    metadata:
      annotations:
        steadybit.com/extension-auto-discovery: |
          {
            "extensions": [
              {
                "port": 8083,
                "types": ["ACTION","DISCOVERY"],
                "tls": {
                  "server": {
                    "extraCertsFile": "server-cert/tls.crt"
                  },
                  "client": {
                    "certChainFile": "client-cert-a/tls.crt",
                    "certKeyFile": "client-cert-a/tls.key"
                  }
                }
              }
            ]
          }
      labels: null
      name: RELEASE-NAME-steadybit-extension-stackstate
      namespace: NAMESPACE
    spec:
      ports:
        - port: 8083
          protocol: TCP
          targetPort: 8083
      selector:
        app.kubernetes.io/name: steadybit-extension-stackstate
manifest should match snapshot without TLS:
  1: |
    apiVersion: v1
    kind: Service
    metadata:
      annotations:
        steadybit.com/extension-auto-discovery: "{\n  \"extensions\": [\n    {\n      \"port\": 8083,\n      \"types\": [\"ACTION\",\"DISCOVERY\"],\n      \"tls\": {\n        \n      }\n    }\n  ]\n}\n"
      labels: null
      name: RELEASE-NAME-steadybit-extension-stackstate
      namespace: NAMESPACE
    spec:
      ports:
        - port: 8083
          protocol: TCP
          targetPort: 8083
      selector:
        app.kubernetes.io/name: steadybit-extension-stackstate
